Archive member included to satisfy reference by file (symbol)

c:/program files (x86)/atmel/studio/7.0/toolchain/avr8/avr8-gnu-toolchain/bin/../lib/gcc/avr/5.4.0/avr6\libgcc.a(_exit.o)
                              C:/Program Files (x86)/Atmel/Studio/7.0/Packs/atmel/ATmega_DFP/1.2.132/gcc/dev/atmega2560/avr6/crtatmega2560.o (exit)
c:/program files (x86)/atmel/studio/7.0/toolchain/avr8/avr8-gnu-toolchain/bin/../lib/gcc/avr/5.4.0/avr6\libgcc.a(_tablejump2.o)
                              Sensor.o (__tablejump2__)
c:/program files (x86)/atmel/studio/7.0/toolchain/avr8/avr8-gnu-toolchain/bin/../lib/gcc/avr/5.4.0/avr6\libgcc.a(_copy_data.o)
                              X10_Master.o (__do_copy_data)
c:/program files (x86)/atmel/studio/7.0/toolchain/avr8/avr8-gnu-toolchain/bin/../lib/gcc/avr/5.4.0/avr6\libgcc.a(_clear_bss.o)
                              X10_Master.o (__do_clear_bss)
c:/program files (x86)/atmel/studio/7.0/toolchain/avr8/avr8-gnu-toolchain/bin/../lib/gcc/avr/5.4.0/../../../../avr/lib/avr6\libc.a(calloc.o)
                              Manchester.o (calloc)
c:/program files (x86)/atmel/studio/7.0/toolchain/avr8/avr8-gnu-toolchain/bin/../lib/gcc/avr/5.4.0/../../../../avr/lib/avr6\libc.a(malloc.o)
                              c:/program files (x86)/atmel/studio/7.0/toolchain/avr8/avr8-gnu-toolchain/bin/../lib/gcc/avr/5.4.0/../../../../avr/lib/avr6\libc.a(calloc.o) (malloc)
c:/program files (x86)/atmel/studio/7.0/toolchain/avr8/avr8-gnu-toolchain/bin/../lib/gcc/avr/5.4.0/../../../../avr/lib/avr6\libc.a(memset.o)
                              c:/program files (x86)/atmel/studio/7.0/toolchain/avr8/avr8-gnu-toolchain/bin/../lib/gcc/avr/5.4.0/../../../../avr/lib/avr6\libc.a(calloc.o) (memset)

Allocating common symbols
Common symbol       size              file

lektortilStede_     0x1               X10_Master.o
port_               0x2               ToggleSwitch.o
__brkval            0x2               c:/program files (x86)/atmel/studio/7.0/toolchain/avr8/avr8-gnu-toolchain/bin/../lib/gcc/avr/5.4.0/../../../../avr/lib/avr6\libc.a(malloc.o)
state               0x2               X10_Master.o
lektorOptaget_      0x1               X10_Master.o
register_           0x1               ToggleSwitch.o
ZCDetected_         0x2               X10_Master.o
aendring_           0x1               X10_Master.o
lektorDetected_     0x1               Sensor.o
tilstand_           0x1               ToggleSwitch.o
LED_ON              0x1               ToggleSwitchLED.o
__flp               0x2               c:/program files (x86)/atmel/studio/7.0/toolchain/avr8/avr8-gnu-toolchain/bin/../lib/gcc/avr/5.4.0/../../../../avr/lib/avr6\libc.a(malloc.o)
COMMAND             0x1               X10_Master.o

Discarded input sections

 .data          0x00000000        0x0 C:/Program Files (x86)/Atmel/Studio/7.0/Packs/atmel/ATmega_DFP/1.2.132/gcc/dev/atmega2560/avr6/crtatmega2560.o
 .bss           0x00000000        0x0 C:/Program Files (x86)/Atmel/Studio/7.0/Packs/atmel/ATmega_DFP/1.2.132/gcc/dev/atmega2560/avr6/crtatmega2560.o
 .text          0x00000000        0x0 X10_Master.o
 .data          0x00000000        0x0 X10_Master.o
 .bss           0x00000000        0x0 X10_Master.o
 .text.start1msDelay
                0x00000000       0x24 X10_Master.o
 .text.sendBurst
                0x00000000       0x2c X10_Master.o
 .text.ventPaaZC
                0x00000000       0x22 X10_Master.o
 .text.sendCharX10
                0x00000000       0x3a X10_Master.o
 .bss.timerStatus_
                0x00000000        0x2 X10_Master.o
 .bss.ctr_      0x00000000        0x2 X10_Master.o
 .text          0x00000000        0x0 LEKTOR_MIKROCONTROLLER.o
 .data          0x00000000        0x0 LEKTOR_MIKROCONTROLLER.o
 .bss           0x00000000        0x0 LEKTOR_MIKROCONTROLLER.o
 .bss.timerStatus_
                0x00000000        0x2 LEKTOR_MIKROCONTROLLER.o
 .bss.ctr_      0x00000000        0x2 LEKTOR_MIKROCONTROLLER.o
 .text          0x00000000        0x0 Manchester.o
 .data          0x00000000        0x0 Manchester.o
 .bss           0x00000000        0x0 Manchester.o
 .text.mancesterToString
                0x00000000      0x146 Manchester.o
 .text          0x00000000        0x0 RegistrerLektor_Optaget.o
 .data          0x00000000        0x0 RegistrerLektor_Optaget.o
 .bss           0x00000000        0x0 RegistrerLektor_Optaget.o
 .text          0x00000000        0x0 RegistrerLektor_PaaKontor.o
 .data          0x00000000        0x0 RegistrerLektor_PaaKontor.o
 .bss           0x00000000        0x0 RegistrerLektor_PaaKontor.o
 .bss.timerStatus_
                0x00000000        0x2 RegistrerLektor_PaaKontor.o
 .bss.ctr_      0x00000000        0x2 RegistrerLektor_PaaKontor.o
 .text          0x00000000        0x0 Sensor.o
 .data          0x00000000        0x0 Sensor.o
 .bss           0x00000000        0x0 Sensor.o
 .text          0x00000000        0x0 Timer.o
 .data          0x00000000        0x0 Timer.o
 .bss           0x00000000        0x0 Timer.o
 .text          0x00000000        0x0 ToggleSwitch.o
 .data          0x00000000        0x0 ToggleSwitch.o
 .bss           0x00000000        0x0 ToggleSwitch.o
 .text          0x00000000        0x0 ToggleSwitchLED.o
 .data          0x00000000        0x0 ToggleSwitchLED.o
 .bss           0x00000000        0x0 ToggleSwitchLED.o
 COMMON         0x00000000        0x1 ToggleSwitchLED.o
 .text          0x00000000        0x0 zeroCrossDetector.o
 .data          0x00000000        0x0 zeroCrossDetector.o
 .bss           0x00000000        0x0 zeroCrossDetector.o
 .text          0x00000000        0x0 c:/program files (x86)/atmel/studio/7.0/toolchain/avr8/avr8-gnu-toolchain/bin/../lib/gcc/avr/5.4.0/avr6\libgcc.a(_exit.o)
 .data          0x00000000        0x0 c:/program files (x86)/atmel/studio/7.0/toolchain/avr8/avr8-gnu-toolchain/bin/../lib/gcc/avr/5.4.0/avr6\libgcc.a(_exit.o)
 .bss           0x00000000        0x0 c:/program files (x86)/atmel/studio/7.0/toolchain/avr8/avr8-gnu-toolchain/bin/../lib/gcc/avr/5.4.0/avr6\libgcc.a(_exit.o)
 .text.libgcc.mul
                0x00000000        0x0 c:/program files (x86)/atmel/studio/7.0/toolchain/avr8/avr8-gnu-toolchain/bin/../lib/gcc/avr/5.4.0/avr6\libgcc.a(_exit.o)
 .text.libgcc.div
                0x00000000        0x0 c:/program files (x86)/atmel/studio/7.0/toolchain/avr8/avr8-gnu-toolchain/bin/../lib/gcc/avr/5.4.0/avr6\libgcc.a(_exit.o)
 .text.libgcc   0x00000000        0x0 c:/program files (x86)/atmel/studio/7.0/toolchain/avr8/avr8-gnu-toolchain/bin/../lib/gcc/avr/5.4.0/avr6\libgcc.a(_exit.o)
 .text.libgcc.prologue
                0x00000000        0x0 c:/program files (x86)/atmel/studio/7.0/toolchain/avr8/avr8-gnu-toolchain/bin/../lib/gcc/avr/5.4.0/avr6\libgcc.a(_exit.o)
 .text.libgcc.builtins
                0x00000000        0x0 c:/program files (x86)/atmel/studio/7.0/toolchain/avr8/avr8-gnu-toolchain/bin/../lib/gcc/avr/5.4.0/avr6\libgcc.a(_exit.o)
 .text.libgcc.fmul
                0x00000000        0x0 c:/program files (x86)/atmel/studio/7.0/toolchain/avr8/avr8-gnu-toolchain/bin/../lib/gcc/avr/5.4.0/avr6\libgcc.a(_exit.o)
 .text.libgcc.fixed
                0x00000000        0x0 c:/program files (x86)/atmel/studio/7.0/toolchain/avr8/avr8-gnu-toolchain/bin/../lib/gcc/avr/5.4.0/avr6\libgcc.a(_exit.o)
 .text          0x00000000        0x0 c:/program files (x86)/atmel/studio/7.0/toolchain/avr8/avr8-gnu-toolchain/bin/../lib/gcc/avr/5.4.0/avr6\libgcc.a(_tablejump2.o)
 .data          0x00000000        0x0 c:/program files (x86)/atmel/studio/7.0/toolchain/avr8/avr8-gnu-toolchain/bin/../lib/gcc/avr/5.4.0/avr6\libgcc.a(_tablejump2.o)
 .bss           0x00000000        0x0 c:/program files (x86)/atmel/studio/7.0/toolchain/avr8/avr8-gnu-toolchain/bin/../lib/gcc/avr/5.4.0/avr6\libgcc.a(_tablejump2.o)
 .text.libgcc.mul
                0x00000000        0x0 c:/program files (x86)/atmel/studio/7.0/toolchain/avr8/avr8-gnu-toolchain/bin/../lib/gcc/avr/5.4.0/avr6\libgcc.a(_tablejump2.o)
 .text.libgcc.div
                0x00000000        0x0 c:/program files (x86)/atmel/studio/7.0/toolchain/avr8/avr8-gnu-toolchain/bin/../lib/gcc/avr/5.4.0/avr6\libgcc.a(_tablejump2.o)
 .text.libgcc.prologue
                0x00000000        0x0 c:/program files (x86)/atmel/studio/7.0/toolchain/avr8/avr8-gnu-toolchain/bin/../lib/gcc/avr/5.4.0/avr6\libgcc.a(_tablejump2.o)
 .text.libgcc.builtins
                0x00000000        0x0 c:/program files (x86)/atmel/studio/7.0/toolchain/avr8/avr8-gnu-toolchain/bin/../lib/gcc/avr/5.4.0/avr6\libgcc.a(_tablejump2.o)
 .text.libgcc.fmul
                0x00000000        0x0 c:/program files (x86)/atmel/studio/7.0/toolchain/avr8/avr8-gnu-toolchain/bin/../lib/gcc/avr/5.4.0/avr6\libgcc.a(_tablejump2.o)
 .text.libgcc.fixed
                0x00000000        0x0 c:/program files (x86)/atmel/studio/7.0/toolchain/avr8/avr8-gnu-toolchain/bin/../lib/gcc/avr/5.4.0/avr6\libgcc.a(_tablejump2.o)
 .text          0x00000000        0x0 c:/program files (x86)/atmel/studio/7.0/toolchain/avr8/avr8-gnu-toolchain/bin/../lib/gcc/avr/5.4.0/avr6\libgcc.a(_copy_data.o)
 .data          0x00000000        0x0 c:/program files (x86)/atmel/studio/7.0/toolchain/avr8/avr8-gnu-toolchain/bin/../lib/gcc/avr/5.4.0/avr6\libgcc.a(_copy_data.o)
 .bss           0x00000000        0x0 c:/program files (x86)/atmel/studio/7.0/toolchain/avr8/avr8-gnu-toolchain/bin/../lib/gcc/avr/5.4.0/avr6\libgcc.a(_copy_data.o)
 .text.libgcc.mul
                0x00000000        0x0 c:/program files (x86)/atmel/studio/7.0/toolchain/avr8/avr8-gnu-toolchain/bin/../lib/gcc/avr/5.4.0/avr6\libgcc.a(_copy_data.o)
 .text.libgcc.div
                0x00000000        0x0 c:/program files (x86)/atmel/studio/7.0/toolchain/avr8/avr8-gnu-toolchain/bin/../lib/gcc/avr/5.4.0/avr6\libgcc.a(_copy_data.o)
 .text.libgcc   0x00000000        0x0 c:/program files (x86)/atmel/studio/7.0/toolchain/avr8/avr8-gnu-toolchain/bin/../lib/gcc/avr/5.4.0/avr6\libgcc.a(_copy_data.o)
 .text.libgcc.prologue
                0x00000000        0x0 c:/program files (x86)/atmel/studio/7.0/toolchain/avr8/avr8-gnu-toolchain/bin/../lib/gcc/avr/5.4.0/avr6\libgcc.a(_copy_data.o)
 .text.libgcc.builtins
                0x00000000        0x0 c:/program files (x86)/atmel/studio/7.0/toolchain/avr8/avr8-gnu-toolchain/bin/../lib/gcc/avr/5.4.0/avr6\libgcc.a(_copy_data.o)
 .text.libgcc.fmul
                0x00000000        0x0 c:/program files (x86)/atmel/studio/7.0/toolchain/avr8/avr8-gnu-toolchain/bin/../lib/gcc/avr/5.4.0/avr6\libgcc.a(_copy_data.o)
 .text.libgcc.fixed
                0x00000000        0x0 c:/program files (x86)/atmel/studio/7.0/toolchain/avr8/avr8-gnu-toolchain/bin/../lib/gcc/avr/5.4.0/avr6\libgcc.a(_copy_data.o)
 .text          0x00000000        0x0 c:/program files (x86)/atmel/studio/7.0/toolchain/avr8/avr8-gnu-toolchain/bin/../lib/gcc/avr/5.4.0/avr6\libgcc.a(_clear_bss.o)
 .data          0x00000000        0x0 c:/program files (x86)/atmel/studio/7.0/toolchain/avr8/avr8-gnu-toolchain/bin/../lib/gcc/avr/5.4.0/avr6\libgcc.a(_clear_bss.o)
 .bss           0x00000000        0x0 c:/program files (x86)/atmel/studio/7.0/toolchain/avr8/avr8-gnu-toolchain/bin/../lib/gcc/avr/5.4.0/avr6\libgcc.a(_clear_bss.o)
 .text.libgcc.mul
                0x00000000        0x0 c:/program files (x86)/atmel/studio/7.0/toolchain/avr8/avr8-gnu-toolchain/bin/../lib/gcc/avr/5.4.0/avr6\libgcc.a(_clear_bss.o)
 .text.libgcc.div
                0x00000000        0x0 c:/program files (x86)/atmel/studio/7.0/toolchain/avr8/avr8-gnu-toolchain/bin/../lib/gcc/avr/5.4.0/avr6\libgcc.a(_clear_bss.o)
 .text.libgcc   0x00000000        0x0 c:/program files (x86)/atmel/studio/7.0/toolchain/avr8/avr8-gnu-toolchain/bin/../lib/gcc/avr/5.4.0/avr6\libgcc.a(_clear_bss.o)
 .text.libgcc.prologue
                0x00000000        0x0 c:/program files (x86)/atmel/studio/7.0/toolchain/avr8/avr8-gnu-toolchain/bin/../lib/gcc/avr/5.4.0/avr6\libgcc.a(_clear_bss.o)
 .text.libgcc.builtins
                0x00000000        0x0 c:/program files (x86)/atmel/studio/7.0/toolchain/avr8/avr8-gnu-toolchain/bin/../lib/gcc/avr/5.4.0/avr6\libgcc.a(_clear_bss.o)
 .text.libgcc.fmul
                0x00000000        0x0 c:/program files (x86)/atmel/studio/7.0/toolchain/avr8/avr8-gnu-toolchain/bin/../lib/gcc/avr/5.4.0/avr6\libgcc.a(_clear_bss.o)
 .text.libgcc.fixed
                0x00000000        0x0 c:/program files (x86)/atmel/studio/7.0/toolchain/avr8/avr8-gnu-toolchain/bin/../lib/gcc/avr/5.4.0/avr6\libgcc.a(_clear_bss.o)
 .text          0x00000000        0x0 c:/program files (x86)/atmel/studio/7.0/toolchain/avr8/avr8-gnu-toolchain/bin/../lib/gcc/avr/5.4.0/../../../../avr/lib/avr6\libc.a(calloc.o)
 .data          0x00000000        0x0 c:/program files (x86)/atmel/studio/7.0/toolchain/avr8/avr8-gnu-toolchain/bin/../lib/gcc/avr/5.4.0/../../../../avr/lib/avr6\libc.a(calloc.o)
 .bss           0x00000000        0x0 c:/program files (x86)/atmel/studio/7.0/toolchain/avr8/avr8-gnu-toolchain/bin/../lib/gcc/avr/5.4.0/../../../../avr/lib/avr6\libc.a(calloc.o)
 .text          0x00000000        0x0 c:/program files (x86)/atmel/studio/7.0/toolchain/avr8/avr8-gnu-toolchain/bin/../lib/gcc/avr/5.4.0/../../../../avr/lib/avr6\libc.a(malloc.o)
 .bss           0x00000000        0x0 c:/program files (x86)/atmel/studio/7.0/toolchain/avr8/avr8-gnu-toolchain/bin/../lib/gcc/avr/5.4.0/../../../../avr/lib/avr6\libc.a(malloc.o)
 .text          0x00000000        0x0 c:/program files (x86)/atmel/studio/7.0/toolchain/avr8/avr8-gnu-toolchain/bin/../lib/gcc/avr/5.4.0/../../../../avr/lib/avr6\libc.a(memset.o)
 .data          0x00000000        0x0 c:/program files (x86)/atmel/studio/7.0/toolchain/avr8/avr8-gnu-toolchain/bin/../lib/gcc/avr/5.4.0/../../../../avr/lib/avr6\libc.a(memset.o)
 .bss           0x00000000        0x0 c:/program files (x86)/atmel/studio/7.0/toolchain/avr8/avr8-gnu-toolchain/bin/../lib/gcc/avr/5.4.0/../../../../avr/lib/avr6\libc.a(memset.o)

Memory Configuration

Name             Origin             Length             Attributes
text             0x00000000         0x00100000         xr
data             0x00800200         0x0000fe00         rw !x
eeprom           0x00810000         0x00010000         rw !x
fuse             0x00820000         0x00000003         rw !x
lock             0x00830000         0x00000400         rw !x
signature        0x00840000         0x00000400         rw !x
user_signatures  0x00850000         0x00000400         rw !x
*default*        0x00000000         0xffffffff

Linker script and memory map

Address of section .data set to 0x800200
LOAD C:/Program Files (x86)/Atmel/Studio/7.0/Packs/atmel/ATmega_DFP/1.2.132/gcc/dev/atmega2560/avr6/crtatmega2560.o
LOAD X10_Master.o
LOAD LEKTOR_MIKROCONTROLLER.o
LOAD Manchester.o
LOAD RegistrerLektor_Optaget.o
LOAD RegistrerLektor_PaaKontor.o
LOAD Sensor.o
LOAD Timer.o
LOAD ToggleSwitch.o
LOAD ToggleSwitchLED.o
LOAD zeroCrossDetector.o
START GROUP
LOAD c:/program files (x86)/atmel/studio/7.0/toolchain/avr8/avr8-gnu-toolchain/bin/../lib/gcc/avr/5.4.0/../../../../avr/lib/avr6\libm.a
END GROUP
START GROUP
LOAD c:/program files (x86)/atmel/studio/7.0/toolchain/avr8/avr8-gnu-toolchain/bin/../lib/gcc/avr/5.4.0/avr6\libgcc.a
LOAD c:/program files (x86)/atmel/studio/7.0/toolchain/avr8/avr8-gnu-toolchain/bin/../lib/gcc/avr/5.4.0/../../../../avr/lib/avr6\libm.a
LOAD c:/program files (x86)/atmel/studio/7.0/toolchain/avr8/avr8-gnu-toolchain/bin/../lib/gcc/avr/5.4.0/../../../../avr/lib/avr6\libc.a
LOAD C:/Program Files (x86)/Atmel/Studio/7.0/Packs/atmel/ATmega_DFP/1.2.132/gcc/dev/atmega2560/avr6\libatmega2560.a
END GROUP
                0x00100000                __TEXT_REGION_LENGTH__ = DEFINED (__TEXT_REGION_LENGTH__)?__TEXT_REGION_LENGTH__:0x100000
                0x0000fe00                __DATA_REGION_LENGTH__ = DEFINED (__DATA_REGION_LENGTH__)?__DATA_REGION_LENGTH__:0xfe00
                0x00010000                __EEPROM_REGION_LENGTH__ = DEFINED (__EEPROM_REGION_LENGTH__)?__EEPROM_REGION_LENGTH__:0x10000
                [0x00000003]                __FUSE_REGION_LENGTH__ = DEFINED (__FUSE_REGION_LENGTH__)?__FUSE_REGION_LENGTH__:0x400
                0x00000400                __LOCK_REGION_LENGTH__ = DEFINED (__LOCK_REGION_LENGTH__)?__LOCK_REGION_LENGTH__:0x400
                0x00000400                __SIGNATURE_REGION_LENGTH__ = DEFINED (__SIGNATURE_REGION_LENGTH__)?__SIGNATURE_REGION_LENGTH__:0x400
                0x00000400                __USER_SIGNATURE_REGION_LENGTH__ = DEFINED (__USER_SIGNATURE_REGION_LENGTH__)?__USER_SIGNATURE_REGION_LENGTH__:0x400

.hash
 *(.hash)

.dynsym
 *(.dynsym)

.dynstr
 *(.dynstr)

.gnu.version
 *(.gnu.version)

.gnu.version_d
 *(.gnu.version_d)

.gnu.version_r
 *(.gnu.version_r)

.rel.init
 *(.rel.init)

.rela.init
 *(.rela.init)

.rel.text
 *(.rel.text)
 *(.rel.text.*)
 *(.rel.gnu.linkonce.t*)

.rela.text
 *(.rela.text)
 *(.rela.text.*)
 *(.rela.gnu.linkonce.t*)

.rel.fini
 *(.rel.fini)

.rela.fini
 *(.rela.fini)

.rel.rodata
 *(.rel.rodata)
 *(.rel.rodata.*)
 *(.rel.gnu.linkonce.r*)

.rela.rodata
 *(.rela.rodata)
 *(.rela.rodata.*)
 *(.rela.gnu.linkonce.r*)

.rel.data
 *(.rel.data)
 *(.rel.data.*)
 *(.rel.gnu.linkonce.d*)

.rela.data
 *(.rela.data)
 *(.rela.data.*)
 *(.rela.gnu.linkonce.d*)

.rel.ctors
 *(.rel.ctors)

.rela.ctors
 *(.rela.ctors)

.rel.dtors
 *(.rel.dtors)

.rela.dtors
 *(.rela.dtors)

.rel.got
 *(.rel.got)

.rela.got
 *(.rela.got)

.rel.bss
 *(.rel.bss)

.rela.bss
 *(.rela.bss)

.rel.plt
 *(.rel.plt)

.rela.plt
 *(.rela.plt)

.text           0x00000000     0x13b2
 *(.vectors)
 .vectors       0x00000000       0xe4 C:/Program Files (x86)/Atmel/Studio/7.0/Packs/atmel/ATmega_DFP/1.2.132/gcc/dev/atmega2560/avr6/crtatmega2560.o
                0x00000000                __vector_default
                0x00000000                __vectors
 *(.vectors)
 *(.progmem.gcc*)
 .progmem.gcc_sw_table.initSensor
                0x000000e4       0x18 Sensor.o
 .progmem.gcc_sw_table.kontorStatus
                0x000000fc       0x18 Sensor.o
 .progmem.gcc_sw_table.initToggleSwitch
                0x00000114       0x18 ToggleSwitch.o
 .progmem.gcc_sw_table.toggleSwitchStatus
                0x0000012c       0x18 ToggleSwitch.o
 .progmem.gcc_sw_table.initToggleSwitchLED
                0x00000144       0x18 ToggleSwitchLED.o
 .progmem.gcc_sw_table.setToggleSwitchLED
                0x0000015c       0x18 ToggleSwitchLED.o
                0x00000174                . = ALIGN (0x2)
                0x00000174                __trampolines_start = .
 *(.trampolines)
 .trampolines   0x00000174        0x0 linker stubs
 *(.trampolines*)
                0x00000174                __trampolines_end = .
 *libprintf_flt.a:*(.progmem.data)
 *libc.a:*(.progmem.data)
 *(.progmem*)
                0x00000174                . = ALIGN (0x2)
 *(.jumptables)
 *(.jumptables*)
 *(.lowtext)
 *(.lowtext*)
                0x00000174                __ctors_start = .
 *(.ctors)
                0x00000174                __ctors_end = .
                0x00000174                __dtors_start = .
 *(.dtors)
                0x00000174                __dtors_end = .
 SORT(*)(.ctors)
 SORT(*)(.dtors)
 *(.init0)
 .init0         0x00000174        0x0 C:/Program Files (x86)/Atmel/Studio/7.0/Packs/atmel/ATmega_DFP/1.2.132/gcc/dev/atmega2560/avr6/crtatmega2560.o
                0x00000174                __init
 *(.init0)
 *(.init1)
 *(.init1)
 *(.init2)
 .init2         0x00000174       0x10 C:/Program Files (x86)/Atmel/Studio/7.0/Packs/atmel/ATmega_DFP/1.2.132/gcc/dev/atmega2560/avr6/crtatmega2560.o
 *(.init2)
 *(.init3)
 *(.init3)
 *(.init4)
 .init4         0x00000184       0x1a c:/program files (x86)/atmel/studio/7.0/toolchain/avr8/avr8-gnu-toolchain/bin/../lib/gcc/avr/5.4.0/avr6\libgcc.a(_copy_data.o)
                0x00000184                __do_copy_data
 .init4         0x0000019e       0x10 c:/program files (x86)/atmel/studio/7.0/toolchain/avr8/avr8-gnu-toolchain/bin/../lib/gcc/avr/5.4.0/avr6\libgcc.a(_clear_bss.o)
                0x0000019e                __do_clear_bss
 *(.init4)
 *(.init5)
 *(.init5)
 *(.init6)
 *(.init6)
 *(.init7)
 *(.init7)
 *(.init8)
 *(.init8)
 *(.init9)
 .init9         0x000001ae        0x6 C:/Program Files (x86)/Atmel/Studio/7.0/Packs/atmel/ATmega_DFP/1.2.132/gcc/dev/atmega2560/avr6/crtatmega2560.o
 *(.init9)
 *(.text)
 .text          0x000001b4        0x2 C:/Program Files (x86)/Atmel/Studio/7.0/Packs/atmel/ATmega_DFP/1.2.132/gcc/dev/atmega2560/avr6/crtatmega2560.o
                0x000001b4                __vector_38
                0x000001b4                __vector_22
                0x000001b4                __vector_28
                0x000001b4                __vector_32
                0x000001b4                __vector_34
                0x000001b4                __vector_24
                0x000001b4                __vector_12
                0x000001b4                __vector_55
                0x000001b4                __vector_46
                0x000001b4                __bad_interrupt
                0x000001b4                __vector_6
                0x000001b4                __vector_31
                0x000001b4                __vector_35
                0x000001b4                __vector_39
                0x000001b4                __vector_3
                0x000001b4                __vector_23
                0x000001b4                __vector_30
                0x000001b4                __vector_45
                0x000001b4                __vector_25
                0x000001b4                __vector_11
                0x000001b4                __vector_54
                0x000001b4                __vector_13
                0x000001b4                __vector_17
                0x000001b4                __vector_19
                0x000001b4                __vector_56
                0x000001b4                __vector_7
                0x000001b4                __vector_49
                0x000001b4                __vector_41
                0x000001b4                __vector_43
                0x000001b4                __vector_27
                0x000001b4                __vector_5
                0x000001b4                __vector_33
                0x000001b4                __vector_47
                0x000001b4                __vector_52
                0x000001b4                __vector_37
                0x000001b4                __vector_4
                0x000001b4                __vector_44
                0x000001b4                __vector_51
                0x000001b4                __vector_9
                0x000001b4                __vector_2
                0x000001b4                __vector_21
                0x000001b4                __vector_15
                0x000001b4                __vector_36
                0x000001b4                __vector_29
                0x000001b4                __vector_40
                0x000001b4                __vector_8
                0x000001b4                __vector_26
                0x000001b4                __vector_48
                0x000001b4                __vector_14
                0x000001b4                __vector_53
                0x000001b4                __vector_10
                0x000001b4                __vector_50
                0x000001b4                __vector_16
                0x000001b4                __vector_18
                0x000001b4                __vector_42
                0x000001b6                . = ALIGN (0x2)
 *(.text.*)
 .text.opdaterKommando
                0x000001b6      0x122 X10_Master.o
                0x000001b6                opdaterKommando
 .text.initBurst
                0x000002d8       0x18 X10_Master.o
                0x000002d8                initBurst
 .text.main     0x000002f0       0x56 LEKTOR_MIKROCONTROLLER.o
                0x000002f0                main
 .text.freePtr  0x00000346        0xc Manchester.o
                0x00000346                freePtr
 .text.stringToManchester
                0x00000352      0x118 Manchester.o
                0x00000352                stringToManchester
 .text.skiftLEDTilstand_Optaget
                0x0000046a       0x12 RegistrerLektor_Optaget.o
                0x0000046a                skiftLEDTilstand_Optaget
 .text.lektorStatus_Optaget
                0x0000047c       0x18 RegistrerLektor_Optaget.o
                0x0000047c                lektorStatus_Optaget
 .text.skiftLEDTilstand_PaaKontor
                0x00000494       0x1a RegistrerLektor_PaaKontor.o
                0x00000494                skiftLEDTilstand_PaaKontor
 .text.lektorStatus_PaaKontor
                0x000004ae       0x18 RegistrerLektor_PaaKontor.o
                0x000004ae                lektorStatus_PaaKontor
 .text.initSensor
                0x000004c6      0x164 Sensor.o
                0x000004c6                initSensor
 .text.kontorStatus
                0x0000062a      0x226 Sensor.o
                0x0000062a                kontorStatus
 .text.returnerTimerStatus
                0x00000850        0xa Timer.o
                0x00000850                returnerTimerStatus
 .text.resetTimer
                0x0000085a       0x16 Timer.o
                0x0000085a                resetTimer
 .text.setTimer
                0x00000870       0x2e Timer.o
                0x00000870                setTimer
 .text.__vector_20
                0x0000089e       0x82 Timer.o
                0x0000089e                __vector_20
 .text.initToggleSwitch
                0x00000920      0x164 ToggleSwitch.o
                0x00000920                initToggleSwitch
 .text.toggleSwitchStatus
                0x00000a84      0x226 ToggleSwitch.o
                0x00000a84                toggleSwitchStatus
 .text.initToggleSwitchLED
                0x00000caa      0x17a ToggleSwitchLED.o
                0x00000caa                initToggleSwitchLED
 .text.setToggleSwitchLED
                0x00000e24      0x2c0 ToggleSwitchLED.o
                0x00000e24                setToggleSwitchLED
 .text.initZCDetector
                0x000010e4        0xe zeroCrossDetector.o
                0x000010e4                initZCDetector
 .text.__vector_1
                0x000010f2       0x28 zeroCrossDetector.o
                0x000010f2                __vector_1
 .text.libgcc   0x0000111a       0x10 c:/program files (x86)/atmel/studio/7.0/toolchain/avr8/avr8-gnu-toolchain/bin/../lib/gcc/avr/5.4.0/avr6\libgcc.a(_tablejump2.o)
                0x0000111a                __tablejump2__
 .text.avr-libc
                0x0000112a       0x34 c:/program files (x86)/atmel/studio/7.0/toolchain/avr8/avr8-gnu-toolchain/bin/../lib/gcc/avr/5.4.0/../../../../avr/lib/avr6\libc.a(calloc.o)
                0x0000112a                calloc
 .text.avr-libc
                0x0000115e      0x242 c:/program files (x86)/atmel/studio/7.0/toolchain/avr8/avr8-gnu-toolchain/bin/../lib/gcc/avr/5.4.0/../../../../avr/lib/avr6\libc.a(malloc.o)
                0x0000115e                malloc
                0x0000128e                free
 .text.avr-libc
                0x000013a0        0xe c:/program files (x86)/atmel/studio/7.0/toolchain/avr8/avr8-gnu-toolchain/bin/../lib/gcc/avr/5.4.0/../../../../avr/lib/avr6\libc.a(memset.o)
                0x000013a0                memset
                0x000013ae                . = ALIGN (0x2)
 *(.fini9)
 .fini9         0x000013ae        0x0 c:/program files (x86)/atmel/studio/7.0/toolchain/avr8/avr8-gnu-toolchain/bin/../lib/gcc/avr/5.4.0/avr6\libgcc.a(_exit.o)
                0x000013ae                _exit
                0x000013ae                exit
 *(.fini9)
 *(.fini8)
 *(.fini8)
 *(.fini7)
 *(.fini7)
 *(.fini6)
 *(.fini6)
 *(.fini5)
 *(.fini5)
 *(.fini4)
 *(.fini4)
 *(.fini3)
 *(.fini3)
 *(.fini2)
 *(.fini2)
 *(.fini1)
 *(.fini1)
 *(.fini0)
 .fini0         0x000013ae        0x4 c:/program files (x86)/atmel/studio/7.0/toolchain/avr8/avr8-gnu-toolchain/bin/../lib/gcc/avr/5.4.0/avr6\libgcc.a(_exit.o)
 *(.fini0)
                0x000013b2                _etext = .

.data           0x00800200        0xa load address 0x000013b2
                0x00800200                PROVIDE (__data_start, .)
 *(.data)
 .data          0x00800200        0x6 c:/program files (x86)/atmel/studio/7.0/toolchain/avr8/avr8-gnu-toolchain/bin/../lib/gcc/avr/5.4.0/../../../../avr/lib/avr6\libc.a(malloc.o)
                0x00800200                __malloc_heap_end
                0x00800202                __malloc_heap_start
                0x00800204                __malloc_margin
 *(.data*)
 .data.firstCheck
                0x00800206        0x2 X10_Master.o
                0x00800206                firstCheck
 *(.rodata)
 *(.rodata*)
 .rodata.str1.1
                0x00800208        0x1 Manchester.o
 *(.gnu.linkonce.d*)
                0x0080020a                . = ALIGN (0x2)
 *fill*         0x00800209        0x1 
                0x0080020a                _edata = .
                0x0080020a                PROVIDE (__data_end, .)

.bss            0x0080020a       0x1d
                0x0080020a                PROVIDE (__bss_start, .)
 *(.bss)
 *(.bss*)
 .bss.manchesterPtr
                0x0080020a        0x2 Manchester.o
 .bss.port_     0x0080020c        0x2 Sensor.o
 .bss.register_
                0x0080020e        0x1 Sensor.o
 .bss.timerStatus_
                0x0080020f        0x2 Timer.o
 .bss.ctr_      0x00800211        0x2 Timer.o
 .bss.port_     0x00800213        0x2 ToggleSwitchLED.o
 .bss.register_
                0x00800215        0x1 ToggleSwitchLED.o
 *(COMMON)
 COMMON         0x00800216        0x8 X10_Master.o
                0x00800216                lektortilStede_
                0x00800217                state
                0x00800219                lektorOptaget_
                0x0080021a                ZCDetected_
                0x0080021c                aendring_
                0x0080021d                COMMAND
 COMMON         0x0080021e        0x1 Sensor.o
                0x0080021e                lektorDetected_
 COMMON         0x0080021f        0x4 ToggleSwitch.o
                0x0080021f                port_
                0x00800221                register_
                0x00800222                tilstand_
 COMMON         0x00800223        0x4 c:/program files (x86)/atmel/studio/7.0/toolchain/avr8/avr8-gnu-toolchain/bin/../lib/gcc/avr/5.4.0/../../../../avr/lib/avr6\libc.a(malloc.o)
                0x00800223                __brkval
                0x00800225                __flp
                0x00800227                PROVIDE (__bss_end, .)
                0x000013b2                __data_load_start = LOADADDR (.data)
                0x000013bc                __data_load_end = (__data_load_start + SIZEOF (.data))

.noinit         0x00800227        0x0
                [!provide]                PROVIDE (__noinit_start, .)
 *(.noinit*)
                [!provide]                PROVIDE (__noinit_end, .)
                0x00800227                _end = .
                0x00800227                PROVIDE (__heap_start, .)

.eeprom         0x00810000        0x0
 *(.eeprom*)
                0x00810000                __eeprom_end = .

.fuse
 *(.fuse)
 *(.lfuse)
 *(.hfuse)
 *(.efuse)

.lock
 *(.lock*)

.signature
 *(.signature*)

.user_signatures
 *(.user_signatures*)

.stab
 *(.stab)

.stabstr
 *(.stabstr)

.stab.excl
 *(.stab.excl)

.stab.exclstr
 *(.stab.exclstr)

.stab.index
 *(.stab.index)

.stab.indexstr
 *(.stab.indexstr)

.comment        0x00000000       0x30
 *(.comment)
 .comment       0x00000000       0x30 X10_Master.o
                                 0x31 (size before relaxing)
 .comment       0x00000030       0x31 LEKTOR_MIKROCONTROLLER.o
 .comment       0x00000030       0x31 Manchester.o
 .comment       0x00000030       0x31 RegistrerLektor_Optaget.o
 .comment       0x00000030       0x31 RegistrerLektor_PaaKontor.o
 .comment       0x00000030       0x31 Sensor.o
 .comment       0x00000030       0x31 Timer.o
 .comment       0x00000030       0x31 ToggleSwitch.o
 .comment       0x00000030       0x31 ToggleSwitchLED.o
 .comment       0x00000030       0x31 zeroCrossDetector.o
 .comment       0x00000030       0x31 c:/program files (x86)/atmel/studio/7.0/toolchain/avr8/avr8-gnu-toolchain/bin/../lib/gcc/avr/5.4.0/../../../../avr/lib/avr6\libc.a(calloc.o)
 .comment       0x00000030       0x31 c:/program files (x86)/atmel/studio/7.0/toolchain/avr8/avr8-gnu-toolchain/bin/../lib/gcc/avr/5.4.0/../../../../avr/lib/avr6\libc.a(malloc.o)

.note.gnu.avr.deviceinfo
                0x00000000       0x40
 .note.gnu.avr.deviceinfo
                0x00000000       0x40 C:/Program Files (x86)/Atmel/Studio/7.0/Packs/atmel/ATmega_DFP/1.2.132/gcc/dev/atmega2560/avr6/crtatmega2560.o

.note.gnu.build-id
 *(.note.gnu.build-id)

.debug
 *(.debug)

.line
 *(.line)

.debug_srcinfo
 *(.debug_srcinfo)

.debug_sfnames
 *(.debug_sfnames)

.debug_aranges  0x00000000      0x1c0
 *(.debug_aranges)
 .debug_aranges
                0x00000000       0x48 X10_Master.o
 .debug_aranges
                0x00000048       0x20 LEKTOR_MIKROCONTROLLER.o
 .debug_aranges
                0x00000068       0x30 Manchester.o
 .debug_aranges
                0x00000098       0x28 RegistrerLektor_Optaget.o
 .debug_aranges
                0x000000c0       0x28 RegistrerLektor_PaaKontor.o
 .debug_aranges
                0x000000e8       0x28 Sensor.o
 .debug_aranges
                0x00000110       0x38 Timer.o
 .debug_aranges
                0x00000148       0x28 ToggleSwitch.o
 .debug_aranges
                0x00000170       0x28 ToggleSwitchLED.o
 .debug_aranges
                0x00000198       0x28 zeroCrossDetector.o

.debug_pubnames
 *(.debug_pubnames)

.debug_info     0x00000000     0x1a0b
 *(.debug_info .gnu.linkonce.wi.*)
 .debug_info    0x00000000      0xbbc C:/Program Files (x86)/Atmel/Studio/7.0/Packs/atmel/ATmega_DFP/1.2.132/gcc/dev/atmega2560/avr6/crtatmega2560.o
 .debug_info    0x00000bbc      0x26e X10_Master.o
 .debug_info    0x00000e2a      0x28f LEKTOR_MIKROCONTROLLER.o
 .debug_info    0x000010b9      0x221 Manchester.o
 .debug_info    0x000012da      0x102 RegistrerLektor_Optaget.o
 .debug_info    0x000013dc      0x145 RegistrerLektor_PaaKontor.o
 .debug_info    0x00001521      0x109 Sensor.o
 .debug_info    0x0000162a      0x106 Timer.o
 .debug_info    0x00001730      0x10b ToggleSwitch.o
 .debug_info    0x0000183b      0x11a ToggleSwitchLED.o
 .debug_info    0x00001955       0xb6 zeroCrossDetector.o

.debug_abbrev   0x00000000     0x1228
 *(.debug_abbrev)
 .debug_abbrev  0x00000000      0xb1a C:/Program Files (x86)/Atmel/Studio/7.0/Packs/atmel/ATmega_DFP/1.2.132/gcc/dev/atmega2560/avr6/crtatmega2560.o
 .debug_abbrev  0x00000b1a       0xfb X10_Master.o
 .debug_abbrev  0x00000c15       0xd0 LEKTOR_MIKROCONTROLLER.o
 .debug_abbrev  0x00000ce5       0xfd Manchester.o
 .debug_abbrev  0x00000de2       0x90 RegistrerLektor_Optaget.o
 .debug_abbrev  0x00000e72       0xac RegistrerLektor_PaaKontor.o
 .debug_abbrev  0x00000f1e       0xb0 Sensor.o
 .debug_abbrev  0x00000fce       0xa2 Timer.o
 .debug_abbrev  0x00001070       0xa1 ToggleSwitch.o
 .debug_abbrev  0x00001111       0x98 ToggleSwitchLED.o
 .debug_abbrev  0x000011a9       0x7f zeroCrossDetector.o

.debug_line     0x00000000     0x13eb
 *(.debug_line .debug_line.* .debug_line_end)
 .debug_line    0x00000000      0x1f9 C:/Program Files (x86)/Atmel/Studio/7.0/Packs/atmel/ATmega_DFP/1.2.132/gcc/dev/atmega2560/avr6/crtatmega2560.o
 .debug_line    0x000001f9      0x306 X10_Master.o
 .debug_line    0x000004ff      0x156 LEKTOR_MIKROCONTROLLER.o
 .debug_line    0x00000655      0x22b Manchester.o
 .debug_line    0x00000880       0xce RegistrerLektor_Optaget.o
 .debug_line    0x0000094e       0xe5 RegistrerLektor_PaaKontor.o
 .debug_line    0x00000a33      0x2b2 Sensor.o
 .debug_line    0x00000ce5      0x131 Timer.o
 .debug_line    0x00000e16      0x2b7 ToggleSwitch.o
 .debug_line    0x000010cd      0x22b ToggleSwitchLED.o
 .debug_line    0x000012f8       0xf3 zeroCrossDetector.o

.debug_frame    0x00000000      0x370
 *(.debug_frame)
 .debug_frame   0x00000000       0x8c X10_Master.o
 .debug_frame   0x0000008c       0x34 LEKTOR_MIKROCONTROLLER.o
 .debug_frame   0x000000c0       0xc8 Manchester.o
 .debug_frame   0x00000188       0x34 RegistrerLektor_Optaget.o
 .debug_frame   0x000001bc       0x34 RegistrerLektor_PaaKontor.o
 .debug_frame   0x000001f0       0x34 Sensor.o
 .debug_frame   0x00000224       0x9c Timer.o
 .debug_frame   0x000002c0       0x34 ToggleSwitch.o
 .debug_frame   0x000002f4       0x34 ToggleSwitchLED.o
 .debug_frame   0x00000328       0x48 zeroCrossDetector.o

.debug_str      0x00000000      0x8c2
 *(.debug_str)
 .debug_str     0x00000000      0x3e6 C:/Program Files (x86)/Atmel/Studio/7.0/Packs/atmel/ATmega_DFP/1.2.132/gcc/dev/atmega2560/avr6/crtatmega2560.o
 .debug_str     0x000003e6      0x238 X10_Master.o
                                0x27a (size before relaxing)
 .debug_str     0x0000061e       0xd4 LEKTOR_MIKROCONTROLLER.o
                                0x2ca (size before relaxing)
 .debug_str     0x000006f2       0x61 Manchester.o
                                0x1b7 (size before relaxing)
 .debug_str     0x00000753       0x5e RegistrerLektor_Optaget.o
                                0x205 (size before relaxing)
 .debug_str     0x000007b1       0x49 RegistrerLektor_PaaKontor.o
                                0x22c (size before relaxing)
 .debug_str     0x000007fa       0x3e Sensor.o
                                0x1eb (size before relaxing)
 .debug_str     0x00000838       0x24 Timer.o
                                0x1e2 (size before relaxing)
 .debug_str     0x0000085c       0x1e ToggleSwitch.o
                                0x1f7 (size before relaxing)
 .debug_str     0x0000087a       0x24 ToggleSwitchLED.o
                                0x200 (size before relaxing)
 .debug_str     0x0000089e       0x24 zeroCrossDetector.o
                                0x1cf (size before relaxing)

.debug_loc      0x00000000      0xa0e
 *(.debug_loc)
 .debug_loc     0x00000000       0xe9 X10_Master.o
 .debug_loc     0x000000e9       0x48 LEKTOR_MIKROCONTROLLER.o
 .debug_loc     0x00000131      0x4e2 Manchester.o
 .debug_loc     0x00000613       0x3a Sensor.o
 .debug_loc     0x0000064d       0xcb Timer.o
 .debug_loc     0x00000718       0x3a ToggleSwitch.o
 .debug_loc     0x00000752      0x273 ToggleSwitchLED.o
 .debug_loc     0x000009c5       0x49 zeroCrossDetector.o

.debug_macinfo
 *(.debug_macinfo)

.debug_weaknames
 *(.debug_weaknames)

.debug_funcnames
 *(.debug_funcnames)

.debug_typenames
 *(.debug_typenames)

.debug_varnames
 *(.debug_varnames)

.debug_pubtypes
 *(.debug_pubtypes)

.debug_ranges   0x00000000      0x190
 *(.debug_ranges)
 .debug_ranges  0x00000000       0x38 X10_Master.o
 .debug_ranges  0x00000038       0x10 LEKTOR_MIKROCONTROLLER.o
 .debug_ranges  0x00000048       0x90 Manchester.o
 .debug_ranges  0x000000d8       0x18 RegistrerLektor_Optaget.o
 .debug_ranges  0x000000f0       0x18 RegistrerLektor_PaaKontor.o
 .debug_ranges  0x00000108       0x18 Sensor.o
 .debug_ranges  0x00000120       0x28 Timer.o
 .debug_ranges  0x00000148       0x18 ToggleSwitch.o
 .debug_ranges  0x00000160       0x18 ToggleSwitchLED.o
 .debug_ranges  0x00000178       0x18 zeroCrossDetector.o

.debug_macro
 *(.debug_macro)
OUTPUT(LEKTOR_MIKROCONTROLLER.elf elf32-avr)
LOAD linker stubs
